Expressions.java:44: warning: error: (unnecessary.equals)
