InternedClass.java:130: warning: error: (unnecessary.equals)
