src/org/junit/Assert.java:105: error: dereference of possibly-null reference expected
		return expected.equals(actual);
		       ^
src/org/junit/Assert.java:152: error: dereference of possibly-null reference o1
			if (o1.getClass().isArray() && o2.getClass().isArray()) {
			    ^
src/org/junit/Assert.java:152: error: dereference of possibly-null reference o2
			if (o1.getClass().isArray() && o2.getClass().isArray()) {
			                               ^
src/org/junit/Assert.java:165: error: incompatible types.
					throw new ArrayComparisonFailure(header, e, i);
					                                         ^
  found   : @NonNull @Nullable AssertionError
  required: @NonNull AssertionError
src/org/junit/Assert.java:359: error: dereference of possibly-null reference expected
				+ expected.getClass().getName()
				  ^
src/org/junit/Assert.java:362: error: dereference of possibly-null reference actual
				+ actual.getClass().getName()
				  ^
6 errors

BUILD FAILED
build.xml:8: The following error occurred while executing this line:
ant.xml:16: Java returned: 1

Total time: 2 seconds
