:15: error: (assignability.invalid)
:18: error: (assignability.invalid)
