Fields.java:13: (assignment.type.incompatible)
Fields.java:14: (assignment.type.incompatible)
Fields.java:38: (argument.type.incompatible)
Fields.java:39: (argument.type.incompatible)
Fields.java:40: (argument.type.incompatible)
Fields.java:47: (argument.type.incompatible)
Fields.java:48: (argument.type.incompatible)
Fields.java:49: (argument.type.incompatible)
Fields.java:52: (argument.type.incompatible)
Fields.java:53: (argument.type.incompatible)
Fields.java:54: (argument.type.incompatible)
Fields.java:56: (argument.type.incompatible)
Fields.java:57: (argument.type.incompatible)
Fields.java:58: (argument.type.incompatible)
Fields.java:68: (argument.type.incompatible)
Fields.java:69: (argument.type.incompatible)
Fields.java:70: (argument.type.incompatible)
Fields.java:77: (argument.type.incompatible)
Fields.java:78: (argument.type.incompatible)
Fields.java:79: (argument.type.incompatible)
Fields.java:86: (argument.type.incompatible)
Fields.java:87: (argument.type.incompatible)
Fields.java:88: (argument.type.incompatible)
Fields.java:90: (argument.type.incompatible)
Fields.java:91: (argument.type.incompatible)
Fields.java:92: (argument.type.incompatible)
Fields.java:102: (argument.type.incompatible)
Fields.java:103: (argument.type.incompatible)
Fields.java:104: (argument.type.incompatible)
Fields.java:106: (argument.type.incompatible)
Fields.java:107: (argument.type.incompatible)
Fields.java:108: (argument.type.incompatible)
Fields.java:111: (argument.type.incompatible)
Fields.java:112: (argument.type.incompatible)
Fields.java:113: (argument.type.incompatible)
Fields.java:115: (argument.type.incompatible)
Fields.java:116: (argument.type.incompatible)
Fields.java:117: (argument.type.incompatible)
Fields.java:120: (argument.type.incompatible)
Fields.java:121: (argument.type.incompatible)
Fields.java:122: (argument.type.incompatible)
Fields.java:124: (argument.type.incompatible)
Fields.java:125: (argument.type.incompatible)
Fields.java:126: (argument.type.incompatible)
Fields.java:136: (argument.type.incompatible)
Fields.java:137: (argument.type.incompatible)
Fields.java:138: (argument.type.incompatible)
Fields.java:140: (argument.type.incompatible)
Fields.java:141: (argument.type.incompatible)
Fields.java:142: (argument.type.incompatible)
Fields.java:145: (argument.type.incompatible)
Fields.java:146: (argument.type.incompatible)
Fields.java:147: (argument.type.incompatible)
Fields.java:149: (argument.type.incompatible)
Fields.java:150: (argument.type.incompatible)
Fields.java:151: (argument.type.incompatible)
Fields.java:154: (argument.type.incompatible)
Fields.java:155: (argument.type.incompatible)
Fields.java:156: (argument.type.incompatible)
Fields.java:158: (argument.type.incompatible)
Fields.java:159: (argument.type.incompatible)
Fields.java:160: (argument.type.incompatible)
Fields.java:173: (argument.type.incompatible)
Fields.java:174: (argument.type.incompatible)
Fields.java:180: (argument.type.incompatible)
Fields.java:181: (argument.type.incompatible)
Fields.java:184: (argument.type.incompatible)
Fields.java:185: (argument.type.incompatible)
Fields.java:187: (argument.type.incompatible)
Fields.java:188: (argument.type.incompatible)
Fields.java:198: (argument.type.incompatible)
Fields.java:199: (argument.type.incompatible)
Fields.java:205: (argument.type.incompatible)
Fields.java:206: (argument.type.incompatible)
Fields.java:212: (argument.type.incompatible)
Fields.java:213: (argument.type.incompatible)
Fields.java:215: (argument.type.incompatible)
Fields.java:216: (argument.type.incompatible)
Fields.java:230: (argument.type.incompatible)
Fields.java:231: (argument.type.incompatible)
Fields.java:237: (argument.type.incompatible)
Fields.java:238: (argument.type.incompatible)
Fields.java:241: (argument.type.incompatible)
Fields.java:242: (argument.type.incompatible)
Fields.java:244: (argument.type.incompatible)
Fields.java:245: (argument.type.incompatible)
Fields.java:257: (argument.type.incompatible)
Fields.java:258: (argument.type.incompatible)
Fields.java:264: (argument.type.incompatible)
Fields.java:265: (argument.type.incompatible)
Fields.java:271: (argument.type.incompatible)
Fields.java:272: (argument.type.incompatible)
Fields.java:274: (argument.type.incompatible)
Fields.java:275: (argument.type.incompatible)
