ForEnhanced.java:21: (enhancedfor.type.incompatible)
ForEnhanced.java:23: (enhancedfor.type.incompatible)
ForEnhanced.java:30: (enhancedfor.type.incompatible)
ForEnhanced.java:32: (enhancedfor.type.incompatible)
ForEnhanced.java:38: (enhancedfor.type.incompatible)
ForEnhanced.java:41: (enhancedfor.type.incompatible)
ForEnhanced.java:57: (enhancedfor.type.incompatible)
ForEnhanced.java:60: (enhancedfor.type.incompatible)
ForEnhanced.java:74: (enhancedfor.type.incompatible)
ForEnhanced.java:77: (enhancedfor.type.incompatible)
ForEnhanced.java:83: (enhancedfor.type.incompatible)
ForEnhanced.java:89: (enhancedfor.type.incompatible)
ForEnhanced.java:90: (enhancedfor.type.incompatible)
ForEnhanced.java:91: (enhancedfor.type.incompatible)
