:20: (argument.type.incompatible)
:21: (argument.type.incompatible)
:22: (argument.type.incompatible)
:25: (argument.type.incompatible)
:27: (argument.type.incompatible)
:28: (argument.type.incompatible)
:53: (assignability.invalid)
