:18: error: (method.invocation.invalid)
:21: error: (method.invocation.invalid)
:24: error: (method.invocation.invalid)
:28: error: (method.invocation.invalid)
:35: error: (method.invocation.invalid)
:38: error: (method.invocation.invalid)
:42: error: (method.invocation.invalid)
:46: error: (method.invocation.invalid)
