ListNode.java:29: (assignment.type.incompatible)
ListNode.java:34: (assignment.type.incompatible)
