TemplateImmutability.java:17: (assignment.type.incompatible)
TemplateImmutability.java:18: (assignment.type.incompatible)
TemplateImmutability.java:19: (assignment.type.incompatible)
TemplateImmutability.java:22: (assignment.type.incompatible)
TemplateImmutability.java:23: (assignment.type.incompatible)
TemplateImmutability.java:25: (assignment.type.incompatible)
TemplateImmutability.java:26: (assignment.type.incompatible)
TemplateImmutability.java:38: (assignment.type.incompatible)
TemplateImmutability.java:41: (assignment.type.incompatible)
TemplateImmutability.java:45: (assignment.type.incompatible)
TemplateImmutability.java:46: (assignment.type.incompatible)
TemplateImmutability.java:73: (assignment.type.incompatible)
TemplateImmutability.java:74: (assignment.type.incompatible)
TemplateImmutability.java:75: (assignment.type.incompatible)
TemplateImmutability.java:76: (assignment.type.incompatible)
TemplateImmutability.java:77: (assignment.type.incompatible)
TemplateImmutability.java:78: (assignment.type.incompatible)
TemplateImmutability.java:79: (assignment.type.incompatible)
TemplateImmutability.java:80: (assignment.type.incompatible)
TemplateImmutability.java:84: (assignment.type.incompatible)
TemplateImmutability.java:85: (assignment.type.incompatible)
TemplateImmutability.java:86: (assignment.type.incompatible)
TemplateImmutability.java:87: (assignment.type.incompatible)
TemplateImmutability.java:89: (assignment.type.incompatible)
TemplateImmutability.java:90: (assignment.type.incompatible)
TemplateImmutability.java:91: (assignment.type.incompatible)
TemplateImmutability.java:92: (assignment.type.incompatible)
TemplateImmutability.java:114: (assignment.type.incompatible)
TemplateImmutability.java:115: (assignment.type.incompatible)
TemplateImmutability.java:116: (assignment.type.incompatible)
TemplateImmutability.java:121: (assignment.type.incompatible)
TemplateImmutability.java:122: (assignment.type.incompatible)
TemplateImmutability.java:123: (assignment.type.incompatible)
TemplateImmutability.java:124: (assignment.type.incompatible)
TemplateImmutability.java:129: (assignment.type.incompatible)
TemplateImmutability.java:131: (assignment.type.incompatible)
TemplateImmutability.java:132: (assignment.type.incompatible)
