ThisReference.java:13: (argument.type.incompatible)
ThisReference.java:14: (argument.type.incompatible)
ThisReference.java:19: (argument.type.incompatible)
ThisReference.java:20: (argument.type.incompatible)
ThisReference.java:26: (argument.type.incompatible)
ThisReference.java:31: (argument.type.incompatible)
