ThisReference.java:18: error: (argument.type.incompatible)
ThisReference.java:24: error: (argument.type.incompatible)
ThisReference.java:30: error: (argument.type.incompatible)
