:10: error: (assignment.type.incompatible)
:11: error: (assignment.type.incompatible)
:19: error: (assignment.type.incompatible)
:21: error: (assignment.type.incompatible)
:22: error: (assignment.type.incompatible)
:27: error: (assignment.type.incompatible)
:28: error: (assignment.type.incompatible)
:36: error: (assignment.type.incompatible)
:38: error: (assignment.type.incompatible)
:39: error: (assignment.type.incompatible)
:46: error: (assignment.type.incompatible)
:47: error: (ro.field)
:47: error: (assignment.type.incompatible)
:48: error: (ro.field)
:54: error: (assignment.type.incompatible)
:55: error: (assignment.type.incompatible)
:57: error: (assignment.type.incompatible)
:58: error: (ro.field)
:58: error: (assignment.type.incompatible)
:59: error: (ro.field)
:65: error: (assignment.type.incompatible)
:66: error: (ro.field)
:67: error: (ro.field)
:74: error: (assignment.type.incompatible)
:76: error: (assignment.type.incompatible)
:77: error: (ro.field)
:78: error: (ro.field)
