:15: (assignment.type.incompatible)
:17: (argument.type.incompatible)
:24: (assignment.type.incompatible)
:26: (argument.type.incompatible)
:32: (assignment.type.incompatible)
:44: (return.type.incompatible)
:48: (return.type.incompatible)
:52: (return.type.incompatible)
:71: (assignment.type.incompatible)
# At present, this .out file cannot be converted to the "//::" inline style
# because the testing framework does not support multiple expected warnings
# on a single line of code.
:73: (assignment.type.incompatible)
:73: (generic.argument.invalid)
:99: (assignment.type.incompatible)
:101: (argument.type.incompatible)
