:10: (return.type.incompatible)
:15: (dereference.of.nullable)
:19: (dereference.of.nullable)
