:14: error: (assignment.type.incompatible)
:25: error: (assignment.type.incompatible)
:39: error: (assignment.type.incompatible)
:52: error: (assignment.type.incompatible)
:66: error: (assignment.type.incompatible)
:80: error: (assignment.type.incompatible)
:94: error: (assignment.type.incompatible)
:108: error: (assignment.type.incompatible)
:119: error: (assignment.type.incompatible)
:131: error: (assignment.type.incompatible)
:143: error: (assignment.type.incompatible)
:152: error: (assignment.type.incompatible)
:182: error: (dereference.of.nullable)
:185: error: (dereference.of.nullable)
:194: error: (dereference.of.nullable)
:267: error: (dereference.of.nullable)
:274: error: (argument.type.incompatible)
:280: error: (dereference.of.nullable)
