:11: (type.incompatible)
:14: (type.incompatible)
