src/checkers/nonnull/NonnullAnnotatedTypeFactory.java:201: error: incompatible types.
        Element elt = InternalUtils.symbol(id);
                                          ^
  found   : @Initialized @Nullable Element
  required: @UnknownInitialization @NonNull Element
1 error

BUILD FAILED
build.xml:9: The following error occurred while executing this line:
ant.xml:16: Java returned: 1

Total time: 1 second
